
Allocating common symbols
Common symbol       size              file

mailbox             0x90              build/mailbox_c.o
testpoint           0x4               build/uart_c.o

Discarded input sections

 .comment       0x0000000000000000       0x75 build/utils_c.o
 .note.GNU-stack
                0x0000000000000000        0x0 build/utils_c.o
 .comment       0x0000000000000000       0x75 build/reboot_c.o
 .note.GNU-stack
                0x0000000000000000        0x0 build/reboot_c.o
 .comment       0x0000000000000000       0x75 build/main_c.o
 .note.GNU-stack
                0x0000000000000000        0x0 build/main_c.o
 .comment       0x0000000000000000       0x75 build/shell_c.o
 .note.GNU-stack
                0x0000000000000000        0x0 build/shell_c.o
 .comment       0x0000000000000000       0x75 build/uart_c.o
 .note.GNU-stack
                0x0000000000000000        0x0 build/uart_c.o
 .comment       0x0000000000000000       0x75 build/mailbox_c.o
 .note.GNU-stack
                0x0000000000000000        0x0 build/mailbox_c.o

Memory Configuration

Name             Origin             Length             Attributes
*default*        0x0000000000000000 0xffffffffffffffff

Linker script and memory map

                0x0000000000080000                . = 0x80000

.text           0x0000000000080000      0x604
 *(.text.boot)
 .text.boot     0x0000000000080000       0x58 build/start_s.o
                0x0000000000080000                _start
 *(.text .text.* .gnu.linkonce.t*)
 .text          0x0000000000080058       0x38 build/utils_c.o
                0x0000000000080058                string_compare
 .text          0x0000000000080090       0x58 build/reboot_c.o
                0x0000000000080090                set
                0x0000000000080098                reset
                0x00000000000800c8                cancel_reset
 .text          0x00000000000800e8        0x0 build/main_c.o
 .text.startup  0x00000000000800e8       0x20 build/main_c.o
                0x00000000000800e8                main
 .text          0x0000000000080108      0x1f8 build/shell_c.o
                0x0000000000080108                shell
 .text          0x0000000000080300      0x220 build/uart_c.o
                0x0000000000080300                uart_init
                0x0000000000080408                uart_send_char
                0x0000000000080428                uart_get_char
                0x0000000000080458                uart_display_string
                0x00000000000804b0                uart_binary_to_hex
 .text          0x0000000000080520       0xe4 build/mailbox_c.o
                0x0000000000080520                mailbox_call
                0x0000000000080590                get_board_revision
                0x00000000000805c8                get_arm_mem
 .text          0x0000000000080604        0x0 build/start_s.o

.iplt           0x0000000000080604        0x0
 .iplt          0x0000000000080604        0x0 build/main_c.o

.rodata         0x0000000000080608      0x188
 *(.rodata .rodata.* .gnu.linkonce.r*)
 .rodata.str1.8
                0x0000000000080608       0x29 build/main_c.o
 *fill*         0x0000000000080631        0x7 
 .rodata.str1.8
                0x0000000000080638      0x14f build/shell_c.o
 *fill*         0x0000000000080787        0x1 
 .rodata.str1.8
                0x0000000000080788        0x8 build/uart_c.o
                                          0x3 (size before relaxing)
                [!provide]                        PROVIDE (_data, .)

.rela.dyn       0x0000000000080790        0x0
 .rela.iplt     0x0000000000080790        0x0 build/main_c.o

.data           0x0000000000080790        0x0
 *(.data .data.* .gnu.linkonce.d*)
 .data          0x0000000000080790        0x0 build/utils_c.o
 .data          0x0000000000080790        0x0 build/reboot_c.o
 .data          0x0000000000080790        0x0 build/main_c.o
 .data          0x0000000000080790        0x0 build/shell_c.o
 .data          0x0000000000080790        0x0 build/uart_c.o
 .data          0x0000000000080790        0x0 build/mailbox_c.o
 .data          0x0000000000080790        0x0 build/start_s.o

.igot.plt       0x0000000000080790        0x0
 .igot.plt      0x0000000000080790        0x0 build/main_c.o

.bss            0x0000000000080790       0xa0
                0x0000000000080790                . = ALIGN (0x10)
                0x0000000000080790                __bss_start = .
 *(.bss .bss.*)
 .bss           0x0000000000080790        0x0 build/utils_c.o
 .bss           0x0000000000080790        0x0 build/reboot_c.o
 .bss           0x0000000000080790        0x0 build/main_c.o
 .bss           0x0000000000080790        0x0 build/shell_c.o
 .bss           0x0000000000080790        0x0 build/uart_c.o
 .bss           0x0000000000080790        0x0 build/mailbox_c.o
 .bss           0x0000000000080790        0x0 build/start_s.o
 *(COMMON)
 COMMON         0x0000000000080790        0x4 build/uart_c.o
                0x0000000000080790                testpoint
 *fill*         0x0000000000080794        0xc 
 COMMON         0x00000000000807a0       0x90 build/mailbox_c.o
                0x00000000000807a0                mailbox
                0x0000000000080830                __bss_end = .
                0x0000000000080830                _end = .

/DISCARD/
 *(.comment)
 *(.gnu*)
 *(.note*)
 *(.eh_frame*)
                0x00000000000000a0                __bss_size = (__bss_end - __bss_start)
LOAD build/utils_c.o
LOAD build/reboot_c.o
LOAD build/main_c.o
LOAD build/shell_c.o
LOAD build/uart_c.o
LOAD build/mailbox_c.o
LOAD build/start_s.o
OUTPUT(build/kernel8.elf elf64-littleaarch64)

.debug_info     0x0000000000000000      0xa5c
 .debug_info    0x0000000000000000       0x87 build/utils_c.o
 .debug_info    0x0000000000000087      0x1c0 build/reboot_c.o
 .debug_info    0x0000000000000247       0xa2 build/main_c.o
 .debug_info    0x00000000000002e9      0x44a build/shell_c.o
 .debug_info    0x0000000000000733      0x1d7 build/uart_c.o
 .debug_info    0x000000000000090a       0xd8 build/mailbox_c.o
 .debug_info    0x00000000000009e2       0x7a build/start_s.o

.debug_abbrev   0x0000000000000000      0x486
 .debug_abbrev  0x0000000000000000       0x65 build/utils_c.o
 .debug_abbrev  0x0000000000000065      0x101 build/reboot_c.o
 .debug_abbrev  0x0000000000000166       0x6f build/main_c.o
 .debug_abbrev  0x00000000000001d5       0xcf build/shell_c.o
 .debug_abbrev  0x00000000000002a4      0x12e build/uart_c.o
 .debug_abbrev  0x00000000000003d2       0xa0 build/mailbox_c.o
 .debug_abbrev  0x0000000000000472       0x14 build/start_s.o

.debug_loc      0x0000000000000000      0x672
 .debug_loc     0x0000000000000000      0x12e build/utils_c.o
 .debug_loc     0x000000000000012e      0x172 build/reboot_c.o
 .debug_loc     0x00000000000002a0      0x19b build/shell_c.o
 .debug_loc     0x000000000000043b      0x237 build/uart_c.o

.debug_aranges  0x0000000000000000      0x150
 .debug_aranges
                0x0000000000000000       0x30 build/utils_c.o
 .debug_aranges
                0x0000000000000030       0x30 build/reboot_c.o
 .debug_aranges
                0x0000000000000060       0x30 build/main_c.o
 .debug_aranges
                0x0000000000000090       0x30 build/shell_c.o
 .debug_aranges
                0x00000000000000c0       0x30 build/uart_c.o
 .debug_aranges
                0x00000000000000f0       0x30 build/mailbox_c.o
 .debug_aranges
                0x0000000000000120       0x30 build/start_s.o

.debug_line     0x0000000000000000      0x34b
 .debug_line    0x0000000000000000       0x51 build/utils_c.o
 .debug_line    0x0000000000000051       0x4e build/reboot_c.o
 .debug_line    0x000000000000009f       0x5d build/main_c.o
 .debug_line    0x00000000000000fc       0xb1 build/shell_c.o
 .debug_line    0x00000000000001ad       0xc7 build/uart_c.o
 .debug_line    0x0000000000000274       0x8b build/mailbox_c.o
 .debug_line    0x00000000000002ff       0x4c build/start_s.o

.debug_str      0x0000000000000000      0x245
 .debug_str     0x0000000000000000      0x118 build/utils_c.o
                                        0x11d (size before relaxing)
 .debug_str     0x0000000000000118       0x33 build/reboot_c.o
                                        0x13f (size before relaxing)
 .debug_str     0x000000000000014b       0x34 build/main_c.o
                                        0x127 (size before relaxing)
 .debug_str     0x000000000000017f       0xa3 build/shell_c.o
                                        0x1d7 (size before relaxing)
 .debug_str     0x0000000000000222       0x15 build/uart_c.o
                                        0x168 (size before relaxing)
 .debug_str     0x0000000000000237        0xe build/mailbox_c.o
                                        0x154 (size before relaxing)

.debug_frame    0x0000000000000000      0x1f8
 .debug_frame   0x0000000000000000       0x28 build/utils_c.o
 .debug_frame   0x0000000000000028       0x58 build/reboot_c.o
 .debug_frame   0x0000000000000080       0x38 build/main_c.o
 .debug_frame   0x00000000000000b8       0x50 build/shell_c.o
 .debug_frame   0x0000000000000108       0x98 build/uart_c.o
 .debug_frame   0x00000000000001a0       0x58 build/mailbox_c.o

.debug_ranges   0x0000000000000000      0x1d0
 .debug_ranges  0x0000000000000000      0x110 build/reboot_c.o
 .debug_ranges  0x0000000000000110       0x20 build/main_c.o
 .debug_ranges  0x0000000000000130       0x30 build/shell_c.o
 .debug_ranges  0x0000000000000160       0x70 build/uart_c.o
